
> purlema-saas-platform@0.1.0 build
> next build

node.exe : [baseline-browser-mapping] The data in this module is over two months 
old.  To ensure accurate Baseline data, please update: `npm i 
baseline-browser-mapping@latest -D`
Au caractère Ligne:1 : 1
+ & "C:\Program Files\nodejs/node.exe" "C:\Program Files\nodejs/node_mo ...
+ ~~~~~~~~~~~~~~~~~~~~~~~~~~~~~~~~~~~~~~~~~~~~~~~~~~~~~~~~~~~~~~~~~~~~~
    + CategoryInfo          : NotSpecified: ([baseline-brows...ping@latest -D`:St 
   ring) [], RemoteException
    + FullyQualifiedErrorId : NativeCommandError
 
   Ôû▓ Next.js 15.6.0-canary.59 (Turbopack)
   - Environments: .env
   - Experiments (use with caution):
     Ô£ô ppr
     Ô£ô rdcForNavigations (enabled by `experimental.ppr`)

 ÔÜá The "middleware" file convention is deprecated. Please use "proxy" instead.
   Creating an optimized production build ...
[baseline-browser-mapping] The data in this module is over two months old.  To 
ensure accurate Baseline data, please update: `npm i 
baseline-browser-mapping@latest -D`
 Ô£ô Compiled successfully in 12.4s
   Running TypeScript ...
Failed to compile.

./lib/builder/sections/footers.ts:72:15
Type error: Type '"social"' is not assignable to type 'Mood'.

[0m [90m 70 |[39m     variables[33m:[39m {}[33m,[39m
 [90m 71 |[39m     metadata[33m:[39m {
[31m[1m>[22m[39m[90m 72 |[39m       moods[33m:[39m 
[[32m'social'[39m[33m,[39m [32m'connected'[39m][33m,[39m
 [90m    |[39m               [31m[1m^[22m[39m
 [90m 73 |[39m       purpose[33m:[39m [[32m'engagement'[39m[33m,[39m 
[32m'navigation'[39m][33m,[39m
 [90m 74 |[39m       density[33m:[39m [32m'medium'[39m[33m,[39m
 [90m 75 |[39m       tags[33m:[39m [[32m'social'[39m[33m,[39m 
[32m'links'[39m[33m,[39m [32m'icons'[39m[33m,[39m 
[32m'navigation'[39m][0m
Next.js build worker exited with code: 1 and signal: null
